// Jest Snapshot v1, https://goo.gl/fbAQLP

exports[`Index should match snapshot 1`] = `
<DocumentFragment>
  <div>
    <style
      data-cmpld="true"
    >
      ._otyrgktf{margin-bottom:20px}
    </style>
    <header
      class="_otyrgktf"
    >
      <nav>
        <a
          href="/"
        >
          Home
        </a>
         | 
        <a
          href="/about"
        >
          About
        </a>
         | 
      </nav>
    </header>
    <style
      data-cmpld="true"
    >
      ._k48p8n31{font-weight:bold}
    </style>
    <h1
      class="_k48p8n31"
    >
      Hello Next.js ðŸ‘‹
    </h1>
    <p>
      <a
        href="/about"
      >
        About
      </a>
    </p>
    <style
      data-cmpld="true"
    >
      ._19pkgktf{margin-top:20px}
    </style>
    <footer
      class="_19pkgktf"
    >
      <hr />
      <span>
        Footer Here
      </span>
    </footer>
  </div>
</DocumentFragment>
`;
